|SourceProjectName:online_help_vba.hpr
|DestinationProjectName:index.htm
whhost.js
whmsg.js
whmozemu.js
whutils.js
whproxy.js
whstub.js
whver.js
whform.js
whphost.js
whstart.js
whtopic.js
whframes.js
whlang.js
xmlreadhelper.js
whskin_info.htm
whskin_blank.htm
whskin_pickup.htm
whskin_homepage.htm
whskin_tw.htm
whnjs.htm
whthost.js
whtdhtml.htm
whihost.js
whibody.htm
whiform.htm
whfhost.js
whfbody.htm
whfform.htm
whghost.js
whgbody.htm
whgdhtml.htm
whgdef.htm
whproj.js
whproj.htm
whdata\whtoc.js
whdata\whtoc.htm
whdata\whtdata.js
whdata\whidx.js
whdata\whidx.htm
whdata\whidata.js
whdata\whglo.js
whdata\whglo.htm
whdata\whgdata.js
whgdata\whnvp30.htm
whgdata\whnvp31.htm
whgdata\whnvp32.htm
whgdata\whnvp33.htm
whgdata\whnvt30.htm
whgdata\whnvt31.htm
whgdata\whnvt32.htm
whgdata\whnvt33.htm
whgdata\whnvf30.htm
whgdata\whnvf31.htm
whgdata\whnvf32.htm
whgdata\whnvf33.htm
whgdata\whnvl31.htm
whgdata\whnvl32.htm
whgdata\whnvl33.htm
whgdata\whexpbar.gif
cshdat_webhelp.htm
whcsh_home.htm
whcshdata.js
cshdat_robohelp.htm
wht_tab0.gif
wht_tab1.gif
wht_tab2.gif
wht_tab3.gif
wht_tab4.gif
wht_tab5.gif
wht_tab6.gif
wht_tab7.gif
wht_tab8.gif
wht_glo_h.gif
wht_glo_n.gif
wht_fts_h.gif
wht_fts_n.gif
wht_idx_h.gif
wht_idx_n.gif
wht_toc_h.gif
wht_toc_n.gif
wht_ws.gif
wht_ws_g.gif
wht_logo1.gif
wht_logo2.gif
wht_abgw.jpg
wht_abgi.jpg
wht_abge.jpg
wht_abtw.jpg
wht_abte.jpg
wht_abti.jpg
wht_spac.gif
wht_next.gif
wht_next_g.gif
wht_prev.gif
wht_prev_g.gif
wht_sync.gif
wht_hide.gif
wht_go.gif
whstart.ico
whestart.ico
whrstart.ico
whidhtml.htm
whfdhtml.htm
whskin_banner.htm
whtbar.js
search_redirect.htm
white_nav_search.gif
search_files\search.html
gray_nav_contents.gif
black_nav_index.gif
cst_logo.gif
cst_logo_mid.jpg
white.jpg
purple_book_closed.gif
purple_book_open.gif
whskin_pdhtml.htm
whskin_plist.htm
whskin_tbars.htm
whskin_mbars.htm
wht_toc4.gif
wht_toc3.gif
whskin_frmset010.htm
whst_topics.xml
whskin_frmset01.htm
index_hha.hhk
index.hhc
index.hhk
special_vbaparticlemodels\special_vbaparticlemodels_objects.htm
ribbons\3d\common_ribbons_1dplot.htm
ribbons\3d\common_ribbons_1dplot_tlm.htm
ribbons\3d\common_ribbons_2d3dplot.htm
ribbons\3d\common_ribbons_2d3dplot_tlm.htm
ribbons\3d\common_ribbons_cables.htm
ribbons\3d\common_ribbons_farfield_plot.htm
ribbons\3d\common_ribbons_home3d.htm
ribbons\3d\common_ribbons_homesam.htm
ribbons\3d\common_ribbons_macros.htm
ribbons\3d\common_ribbons_mesh.htm
ribbons\3d\common_ribbons_modeling.htm
ribbons\3d\common_ribbons_postprocessing_hf.htm
ribbons\3d\common_ribbons_simulation_hf.htm
ribbons\3d\common_ribbons_view3d.htm
ribbons\de\backstageview.htm
ribbons\de\homede.htm
ribbons\de\project_template.htm
ribbons\schematic\homeschematic.htm
ribbons\schematic\postprocessingschematic.htm
ribbons\schematic\simulationproject.htm
ribbons\schematic\viewschematic.htm
ribbons\overview\ribbon_overview.htm
common_vbaapp\common_vbaappapplication_object.htm
common_vbabasicsolids\common_vbaanalyticalface_object.htm
common_vbabasicsolids\common_vbabrick_object.htm
common_vbabasicsolids\common_vbacone_object.htm
common_vbabasicsolids\common_vbacylinder_object.htm
common_vbabasicsolids\common_vbaecylinder_object.htm
common_vbabasicsolids\common_vbasphere_object.htm
common_vbabasicsolids\common_vbatorus_object.htm
common_vbabasicsolids\common_vbawire_object.htm
common_vbabending\common_vbabending_object.htm
common_vbacablestudio\defaults\defaultsdefine.htm
common_vbacablestudio\defaults\querydefaults.htm
common_vbacablestudio\data_import\import_data.htm
common_vbacablestudio\material\materialdefine.htm
common_vbacablestudio\material\materialdelete.htm
common_vbacablestudio\material\materialdeleteunused.htm
common_vbacablestudio\material\materialduplicate.htm
common_vbacablestudio\material\materialquery.htm
common_vbacablestudio\material\materialrename.htm
common_vbacablestudio\cable_types\singlewires\querysinglewires.htm
common_vbacablestudio\cable_types\singlewires\singlewiredefine.htm
common_vbacablestudio\cable_types\singlewires\singlewiredelete.htm
common_vbacablestudio\cable_types\singlewires\singlewiredeleteunused.htm
common_vbacablestudio\cable_types\singlewires\singlewireduplicate.htm
common_vbacablestudio\cable_types\singlewires\singlewirerename.htm
common_vbacablestudio\cable_types\twistedcables\querytwistedcables.htm
common_vbacablestudio\cable_types\twistedcables\twistedcabledefine.htm
common_vbacablestudio\cable_types\twistedcables\twistedcabledelete.htm
common_vbacablestudio\cable_types\twistedcables\twistedcabledeleteunused.htm
common_vbacablestudio\cable_types\twistedcables\twistedcableduplicate.htm
common_vbacablestudio\cable_types\twistedcables\twistedcablerename.htm
common_vbacablestudio\cable_types\ribboncables\queryribboncables.htm
common_vbacablestudio\cable_types\ribboncables\ribboncabledefine.htm
common_vbacablestudio\cable_types\ribboncables\ribboncabledelete.htm
common_vbacablestudio\cable_types\ribboncables\ribboncabledeleteunused.htm
common_vbacablestudio\cable_types\ribboncables\ribboncableduplicate.htm
common_vbacablestudio\cable_types\ribboncables\ribboncablerename.htm
common_vbacablestudio\cable_types\coaxialcables\coaxialcabledefine.htm
common_vbacablestudio\cable_types\coaxialcables\coaxialcabledelete.htm
common_vbacablestudio\cable_types\coaxialcables\coaxialcabledeleteunused.htm
common_vbacablestudio\cable_types\coaxialcables\coaxialcableduplicate.htm
common_vbacablestudio\cable_types\coaxialcables\coaxialcablerename.htm
common_vbacablestudio\cable_types\coaxialcables\querycoaxialcables.htm
common_vbacablestudio\cable_types\cablegroups\cablegroupdefine.htm
common_vbacablestudio\cable_types\cablegroups\cablegroupdelete.htm
common_vbacablestudio\cable_types\cablegroups\cablegroupdeleteunused.htm
common_vbacablestudio\cable_types\cablegroups\cablegroupduplicate.htm
common_vbacablestudio\cable_types\cablegroups\cablegrouprename.htm
common_vbacablestudio\cable_types\cablegroups\cablegrouprenamescreen.htm
common_vbacablestudio\cable_types\cablegroups\cablegrouprenamesubcable.htm
common_vbacablestudio\cable_types\cablegroups\querycablegroups.htm
common_vbacablestudio\cable_types\hierarchical_structure_definition.htm
common_vbacablestudio\nodes\importnodes.htm
common_vbacablestudio\nodes\nodedefine.htm
common_vbacablestudio\nodes\nodedelete.htm
common_vbacablestudio\nodes\nodedeleteunused.htm
common_vbacablestudio\nodes\nodesnaptoshape.htm
common_vbacablestudio\nodes\nodesduplicate.htm
common_vbacablestudio\nodes\nodesrename.htm
common_vbacablestudio\nodes\querynode.htm
common_vbacablestudio\segments\calculateimpedance.htm
common_vbacablestudio\segments\querysegment.htm
common_vbacablestudio\segments\segmentbundlereset.htm
common_vbacablestudio\segments\segmentchangenodes.htm
common_vbacablestudio\segments\segmentdefine.htm
common_vbacablestudio\segments\segmentdefineroute.htm
common_vbacablestudio\segments\segmentdelete.htm
common_vbacablestudio\segments\segmentdeleteunused.htm
common_vbacablestudio\segments\segmentenvironmentmaterial.htm
common_vbacablestudio\segments\segmentrename.htm
common_vbacablestudio\segments\segmentsplit.htm
common_vbacablestudio\segments\segmentsubdivide.htm
common_vbacablestudio\segments\segmentto3d.htm
common_vbacablestudio\connectors\connectorautocreate.htm
common_vbacablestudio\connectors\connectordefine.htm
common_vbacablestudio\connectors\connectordelete.htm
common_vbacablestudio\connectors\connectordeleteunused.htm
common_vbacablestudio\connectors\connectorduplicate.htm
common_vbacablestudio\connectors\connectorrename.htm
common_vbacablestudio\connectors\queryconnector.htm
common_vbacablestudio\junctions\cabconnectiondefine.htm
common_vbacablestudio\junctions\cabconnectiondelete.htm
common_vbacablestudio\junctions\cabconnectionhide.htm
common_vbacablestudio\junctions\cabconnectionrename.htm
common_vbacablestudio\connection_to_3d\connectionsegmentapplyterminals.htm
common_vbacablestudio\connection_to_3d\connectionsegmentautoconnect.htm
common_vbacablestudio\connection_to_3d\connectionsegmentbundle.htm
common_vbacablestudio\connection_to_3d\connectionsegmentchangenodes.htm
common_vbacablestudio\connection_to_3d\connectionsegmentdefine.htm
common_vbacablestudio\connection_to_3d\connectionsegmentdelete.htm
common_vbacablestudio\connection_to_3d\connectionsegmentenvironmentmaterial.htm
common_vbacablestudio\connection_to_3d\connectionsegmentrename.htm
common_vbacablestudio\connection_to_3d\connectionsegmentwiretype.htm
common_vbacablestudio\cablebundles\bundlerename.htm
common_vbacablestudio\cablebundles\cablebundledefine.htm
common_vbacablestudio\cablebundles\cablebundledelete.htm
common_vbacablestudio\cablebundles\cablebundlefromcurve.htm
common_vbacablestudio\cablebundles\cablebundlefromstartandendnode.htm
common_vbacablestudio\cablebundles\cablebundlerename.htm
common_vbacablestudio\cablebundles\cableinstancerename.htm
common_vbacablestudio\cablebundles\nodesetgrounded.htm
common_vbacablestudio\cablebundles\querycablebundles.htm
common_vbacablestudio\cableinstance\define_signal.htm
common_vbacablestudio\cableinstance\queryfixing.htm
common_vbacablestudio\cableinstance\signalrename.htm
common_vbacablestudio\tl_modeling\tlmnodesettings.htm
common_vbacablestudio\tl_modeling\tlmodelexport.htm
common_vbacablestudio\tl_modeling\tlstartmodelling.htm
common_vbacablestudio\cst_cablestudio_objects_overview.htm
common_vbacablestudio\query_parameters.htm
special_vbacharge\special_vbacharge_charge_object.htm
special_vbacoil\special_vbacoil_coil_object.htm
special_vbacontact\special_vbacontact_contactproperties_object.htm
special_vbacurrentpath\special_vbacurrentpath_currentpath_object.htm
special_vbacurrentport\special_vbacurrentport_current_port_object.htm
common_vbacurves\common_vbacurves_analyticalcurve_object.htm
common_vbacurves\common_vbacurves_arc_object.htm
common_vbacurves\common_vbacurves_bending_object.htm
common_vbacurves\common_vbacurves_blendcurve_object.htm
common_vbacurves\common_vbacurves_chamfercurve_object.htm
common_vbacurves\common_vbacurves_circle_object.htm
common_vbacurves\common_vbacurves_covercurve_object.htm
common_vbacurves\common_vbacurves_curve_object.htm
common_vbacurves\common_vbacurves_edgecurve_object.htm
common_vbacurves\common_vbacurves_ellipse_object.htm
common_vbacurves\common_vbacurves_extrudecurve_object.htm
common_vbacurves\common_vbacurves_line_object.htm
common_vbacurves\common_vbacurves_loftcurves_object.htm
common_vbacurves\common_vbacurves_polygon3d.htm
common_vbacurves\common_vbacurves_polygon_object.htm
common_vbacurves\common_vbacurves_projection_object.htm
common_vbacurves\common_vbacurves_rectangle_object.htm
common_vbacurves\common_vbacurves_spline_object.htm
common_vbacurves\common_vbacurves_sweepcurve_object.htm
common_vbacurves\common_vbacurves_tracefromcurve_object.htm
common_vbacurves\common_vbacurves_trimcurves_object.htm
special_vbadimension\dimension.htm
special_vbadiscreteelements\special_vbalumpedelement_object.htm
special_vbadiscreteelements\special_vbalumpedfaceelement_object.htm
common_examples\common_examples_create_an_anayltical_2d_curve_.htm
common_examples\common_examples_create_an_analytical_3d_curve.htm
common_vbaextrude\common_vbaextrudeextrude_object.htm
common_vbafaces\common_vbafaces_face_object.htm
special_vbaforce\special_vba_force_object.htm
common_vbageneral\long_array_data_type.htm
common_vbageneral\single_array_data_type.htm
common_vbageneral\single_data_type.htm
common_vbageneral\single_ref_data_type.htm
common_vbageneral\string_array_data_type.htm
common_vbageneral\common_general_bool_data_type.htm
common_vbageneral\common_general_coordinates.htm
common_vbageneral\common_general_curve_names.htm
common_vbageneral\common_general_double.htm
common_vbageneral\common_general_expression.htm
common_vbageneral\common_general_false_keyword.htm
common_vbageneral\common_general_integer.htm
common_vbageneral\common_general_long.htm
common_vbageneral\common_general_name.htm
common_vbageneral\common_general_string.htm
common_vbageneral\common_general_solid_names.htm
common_vbageneral\common_general_true_keyword.htm
common_vbageneral\common_general_variablename.htm
common_vbageneral\common_general_variant.htm
common_vbageneral\common_general_global_name_data_type.htm
common_vbageneral\common_general_global_names.htm
common_vbageneral\common_general_bool_ref_data_type.htm
common_vbageneral\common_general_double_ref.htm
common_vbageneral\common_general_enum.htm
common_vbageneral\common_general_filename.htm
common_vbageneral\common_general_integer_ref.htm
common_vbageneral\common_general_long_ref.htm
common_vbageneral\common_general_string_ref.htm
common_vbageneral\common_general_variant_ref.htm
common_vbaimpexp\asciiexport_object.htm
common_vbaimpexp\autodeskinventor_object.htm
common_vbaimpexp\meshimport_object.htm
common_vbaimpexp\siemensnx_object.htm
common_vbaimpexp\solidedge_object.htm
common_vbaimpexp\solidworks_object.htm
common_vbaimpexp\vdafs_object.htm
common_vbaimpexp\common_vbaie_dxf.htm
common_vbaimpexp\common_vbaie_gdsii.htm
common_vbaimpexp\common_vbaie_iges.htm
common_vbaimpexp\common_vbaie_obj.htm
common_vbaimpexp\common_vbaie_sat.htm
common_vbaimpexp\common_vbaie_stl.htm
common_vbaimpexp\common_vbaimpexp_nastran_object.htm
common_vbaimpexp\common_vbaimpexp_nfs.htm
common_vbaimpexp\common_vbaimp_exp_catia_object.htm
common_vbaimpexp\common_vbaimp_exp_conventorware_object.htm
common_vbaimpexp\common_vbaimp_exp_gerber.htm
common_vbaimpexp\common_vbaimp_exp_humanmodel.htm
common_vbaimpexp\common_vbaimp_exp_mecadtron_object.htm
common_vbaimpexp\common_vbaimp_exp_proe_object.htm
common_vbaimpexp\common_vbaimp_exp_step.htm
common_vbaimpexp\common_vbaimp_exp_hfss_object.htm
common_vbaimpexp\parasolid_object.htm
special_vbaimpexp\adscomponentexport.htm
special_vbaimpexp\parametricimport.htm
special_vbaimpexp\special_vbaimp_exp_touchstone.htm
special_vbalayer\special_vbalayerocomponent_object.htm
special_vbalayer\special_vbalayerolayer_object.htm
special_vbalayer\spwcial_vbalayerogroup_object.htm
common_vbalayoutdb\common_vbalayoutdb.htm
common_vbaedaimportdefaults\common_vbaedaimportdefaults.htm
common_vbaloft\common_vbaloftloft_object.htm
special_vbamagnet\special_vbamagnet_magnet_object.htm
special_vbamechanics\displacement_object.htm
special_vbamechanics\mechfieldsettings_object.htm
special_vbamechanics\structuralmechanicssolver_object.htm
special_vbamechanics\traction_object.htm
special_vbamesh\meshshapes_object.htm
special_vbamesh\special_vbamesho.htm
special_vbamesh\special_vbamesh_meshadaption3d_object.htm
special_vbamonitors\particle_reader_objects.htm
special_vbamonitors\special_vbamonitors_currentmonitor_object.htm
special_vbamonitors\special_vbamonitors_monitor_object.htm
special_vbamonitors\special_vbamonitors_pic2dmonitor_object.htm
special_vbamonitors\special_vbamonitors_picphasespacemonitor_object.htm
special_vbamonitors\special_vbamonitors_probe_object.htm
special_vbamonitors\special_vbamonitors_timemonitor0d_object.htm
special_vbamonitors\special_vbamonitors_timemonitor1d_object.htm
special_vbamonitors\special_vbamonitors_timemonitor2d_object.htm
special_vbamonitors\special_vbamonitors_timemonitor3d_object.htm
special_vbamonitors\special_vbamonitors_timemonitor_object.htm
special_vbamonitors\special_vbamonitors_voltagemonitor_object.htm
special_vbamonitors\special_vbamonitors_picpositionmonitor_object.htm
special_vbamonitors\special_vbamonitors_particlemonitor_object.htm
special_vbamonitors\special_vbamonitors_particlemonitoronsolid.htm
special_vbaobjects\special_vbaobjects_dsvbaobjects.htm
special_vbaobjects\special_vbaobjects_examples.htm
special_vbaobjects\special_vbaobjects_examples_overview.htm
special_vbaobjects\special_vbaobjects_vbaobjects.htm
special_vbaparametersweep\special_vbaparametersweepo_parametersweep_object.htm
special_vbaparticlesource\special_vbaparticlesource_particleinterface_object.htm
special_vbaparticlesource\special_vbaparticlesource_particlesource_object.htm
common_vbapicko\common_vbapicko_pick_object.htm
special_vbapicsolver\special_vbasolver_picsolver_object.htm
common_vbaplot\colourmapplot_object.htm
common_vbaplot\plot2d3d.htm
common_vbaplot\common_vbaplot_plot1d_object.htm
common_vbaplot\common_vbaplot_plot_object.htm
common_vbaplot\common_vbaplot_scalarplot2d_object.htm
common_vbaplot\common_vbaplot_scalarplot3d_object.htm
common_vbaplot\common_vbaplot_vectorplot2d_object.htm
common_vbaplot\common_vbaplot_vectorplot3d_object.htm
special_vbaports\farfieldsource_object.htm
special_vbaports\floquetport_object.htm
special_vbaports\special_vbaports_discrete_face_port_object.htm
special_vbaports\special_vbaports_discrete_port_object.htm
special_vbaports\special_vbaports_fieldsource_object.htm
special_vbaports\special_vbaports_planewave_object.htm
special_vbaports\special_vbaports_port_object.htm
common_vbapostproc\common_vbapostproc_evaluatefieldonface_object.htm
common_vbapostproc\common_vbapostproc_resultdatabase_object.htm
common_vbapostproc\common_vbapostproc_colorramp_object.htm
common_vbapostproc\common_vbapostproc_evaluatefieldalongcurve.htm
special_vbapostproc\rayresultcreator_object.htm
special_vbapostproc\result_0d_object.htm
special_vbapostproc\result_1d_complex_object.htm
special_vbapostproc\result_2d.htm
special_vbapostproc\result_matrix_object.htm
special_vbapostproc\special_vbapostprocresultmap_object.htm
special_vbapostproc\special_vbapostproc_combineresults_object.htm
special_vbapostproc\special_vbapostproc_postprocess1d_object.htm
special_vbapostproc\special_vbapostproc_result_3d_object.htm
special_vbapostproc\special_vbapostproc_farfieldarray_object.htm
special_vbapostproc\special_vbapostproc_farfieldploto.htm
special_vbapostproc\special_vbapostproc_nearfieldscan_object.htm
special_vbapostproc\special_vbapostproc_networkparameterextractiono.htm
special_vbapostproc\special_vbapostproc_qfactor_object.htm
special_vbapostproc\special_vbapostproc_result_trackingplot_object.htm
special_vbapostproc\special_vbapostproc_resulttreeo.htm
special_vbapostproc\special_vbapostproc_sar_object.htm
special_vbapostproc\special_vbapostproc_type_method.htm
special_vbapostproc\special_vbapostproc_yield_analysis_object.htm
special_vbapostproc\special_vbapostprocarfiltero.htm
special_vbapostproc\special_vbapostprocres1do.htm
special_vbapotential\special_vbapotential_potential_object.htm
special_vbapredefinedfield\special_vbapredefinedfield.htm
special_vbarigidbodymotion\motiongap_object.htm
special_vbarigidbodymotion\rigidbodymotion_object.htm
common_vbarotateo\common_vbarotateo_rotate_object.htm
special_vbasignals\special_vbasignals_timesignal_object.htm
common_vbasolido\common_vbaobjectso_local_modifications_object.htm
common_vbasolido\common_vbasolido_facedistortion_object.htm
common_vbasolido\common_vbasolido_solid_object.htm
special_vbasolver\special_vbasolver_eigenmodesolver_object.htm
special_vbasolver\special_vbasolver_fdsolver_object.htm
special_vbasolver\special_vbasolver_iesolver_object.htm
special_vbasolver\special_vbasolver_sensitivityanalysis_object.htm
special_vbasolver\special_vbasolver_simuliacse_object.htm
special_vbasolver\special_vba_ems_solver_object.htm
special_vbasolver\special_vbasolver_adscosimulation.htm
special_vbasolver\special_vbasolver_background_object.htm
special_vbasolver\special_vbasolver_boundary_object.htm
special_vbasolver\special_vbasolver_layerstacking_object.htm
special_vbasolver\special_vbasolver_optimizer_object.htm
special_vbasolver\special_vbasolver_solver_object.htm
special_vbasolver\special_vbasolver_solver_parameter_object.htm
special_vbasolver\special_vbasolver_asymptoticsolver_object.htm
special_vbasourcefield\special_vbasourcefield_sourcefield_object.htm
special_vbastaticsolver\special_vbasolver_trackingsolver_object.htm
special_vbastaticsolver\special_vbastaticsolver_eqssolver_object.htm
special_vbastaticsolver\special_vbastaticsolver_estaticsolver_object.htm
special_vbastaticsolver\special_vbastaticsolver_lfsolver_object.htm
special_vbastaticsolver\special_vbastaticsolver_mstaticsolver_object.htm
special_vbastaticsolver\special_vbastaticsolver_stationarycurrentsolver_object.htm
special_vbathermalsolver\special_vbathermalsolver_chtsolver.htm
special_vbathermalsolver\special_vbathermalsolver_fan.htm
special_vbathermalsolver\special_vbathermalsolver_fluiddomain.htm
special_vbathermalsolver\special_vbathermalsolver_heatsource.htm
special_vbathermalsolver\special_vbathermalsolver_interiorboundary.htm
special_vbathermalsolver\special_vbathermalsolver_movingmedia.htm
special_vbathermalsolver\special_vbathermalsolver_temperaturesource.htm
special_vbathermalsolver\special_vbathermalsolver_thermalsolver.htm
special_vbathermalsolver\special_vbathermalsolver_thermalsourceparameter.htm
special_vbathermalsolver\special_vbathermalsolver_thermalsurfaceproperty.htm
special_vbathermalsolver\special_vbathermalsolver_thermallossimport.htm
special_vbatransformo\special_vbatransformo_align_object.htm
special_vbatransformo\special_vbatransformo_transform_object.htm
special_vbatransientsolvers\special_vbatransientsolvers_mqstdsolver_object.htm
special_vbatransientsolvers\special_vbatransientsolvers_thermaltdsolver_object.htm
common_vbaunitso\common_vbaunitso_units_object.htm
special_vbavoltagewire\special_vbavoltagewire_voltage_wire_object.htm
special_vbawakefieldsolver\special_vbawakefieldsolver_particle_beam.htm
special_vbawakefieldsolver\special_vbawakefieldsolver_wakefield_postprocessor.htm
common_vbawcso\common_vbawcso_anchorpoint_object.htm
common_vbawcso\common_vbawcso_wcs_object.htm
special_vbaobjects\ehlpdhtm.js
index.glo
online_help_vba.css
online_help.css
ribbons\3d\1dplot.png
ribbons\3d\1dplot_tlm.png
ribbons\3d\2d3dplot.png
ribbons\3d\2d3dplot_tlm.png
ribbons\3d\cables.png
ribbons\3d\farfieldplot.png
ribbons\3d\home3d.png
ribbons\3d\homesam.png
ribbons\3d\macros.png
ribbons\3d\mesh.png
ribbons\3d\modeling.png
ribbons\3d\postprocessing_hf.png
ribbons\3d\postprocessing_lf.png
ribbons\3d\postprocessing_pic.png
ribbons\3d\postprocessing_trk.png
ribbons\3d\postprocessing_wak.png
ribbons\3d\postprocessing_mechanics.png
ribbons\3d\simulation_hf_td.png
ribbons\3d\simulation_lf_estatic.png
ribbons\3d\simulation_lf_lt.png
ribbons\3d\simulation_pic_pic.png
ribbons\3d\simulation_trk_trk.png
ribbons\3d\simulation_wak.png
ribbons\3d\simulation_thermal_ths.png
ribbons\3d\simulation_mechanics.png
ribbons\3d\view3d.png
ribbons\de\backstageview.png
ribbons\de\homede.png
ribbons\de\templates.png
ribbons\schematic\homeschematic.png
ribbons\schematic\postprocessing_schematic.png
ribbons\schematic\simulationproject.png
ribbons\schematic\viewschematic.png
image\fourierintegral.png
image\spectrumdefinitions.png
image\fouriernormalization.png
image\corrformular001.png
image\corrformular002.png
common_vbacablestudio\cable_types\hierarchical_cable_group.png
common_vbacablestudio\cable_types\hierarchical_cable_group_list.png
icons\modeler_toolbars\curve\createpolygon.png
sdm_bild0.png
sdm_bild1.png
special_vbamonitors\images\monitor_position.png
special_vbamonitors\images\monitor_normed_momentum.png
special_vbamonitors\images\monitor_chargemacro.png
special_vbamonitors\images\monitor_mass.png
special_vbamonitors\images\monitor_gamma.png
special_vbamonitors\images\monitor_beta.png
special_vbamonitors\images\monitor_velocity.png
special_vbamonitors\images\monitor_energy.png
special_vbamonitors\images\monitor_orbital_angle.png
special_vbamonitors\images\monitor_norm.png
special_vbamonitors\images\monitor_norm_inplane.png
special_vbamonitors\images\monitor_reduction_min.png
special_vbamonitors\images\monitor_reduction_max.png
special_vbamonitors\images\monitor_reduction_mean.png
special_vbamonitors\images\monitor_reduction_total.png
special_vbamonitors\images\monitor_reduction_deviation.png
special_vbamonitors\images\monitor_reduction_rms.png
special_vbamonitors\images\monitor_reduction_norm.png
special_vbamonitors\images\monitor_emittance.png
special_vbamonitors\images\monitor_envelope.png
special_vbamonitors\images\monitor_velocity_spread.png
special_vbamonitors\images\monitor_divergence_angle.png
special_vbamonitors\images\monitor_brightness.png
special_vbamonitors\images\vectornorm.png
special_vbamonitors\images\vectormax.png
image5.gif
image6.gif
image7.gif
image9.gif
image\maxwell-boltzmann-unit.png
image8.gif
special_vbaparticlesource\gauss_formula.png
special_vbaparticlesource\polynomial_formula_with_offset.png
special_vbaparticlesource\gauss_formula_with_offset.png
icons\modeler_toolbars\pick\showpickedpoints.png
icons\modeler_toolbars\pick\showpickededges.png
icons\modeler_toolbars\pick\smartpickmode.png
icons\modeler_toolbars\pick\absolutepickpositioning.png
icons\modeler_toolbars\pick\showpickedfaces.png
icons\modeler_toolbars\pick\pickedgecenter.png
image2.gif
image\signal_rect.png
ds_simulia.png
3dexp.png
3ds.png
robohhre.lng
index.ppf
searchoptions.xml
whxdata\package_0_xml.js
whxdata\package_1_xml.js
whxdata\package_2_xml.js
whxdata\package_3_xml.js
whxdata\package_4_xml.js
whxdata\package_5_xml.js
whxdata\package_6_xml.js
whxdata\packageindex_xml.js
whxdata\synonym.xml
whxdata\synonym_xml.js
whxdata\topictable_0_xml.js
whxdata\topictableindex_xml.js
whxdata\whfts.xml
whxdata\whfts_xml.js
whproj_xml.js
whxdata\whtoc_xml.js
whxdata\whidx_xml.js
whxdata\whglo_xml.js
resource\resource_xml.js
whbrs_xml.js
whres_xml.js
whcsh_xml.js
whxdata\whtdata0_xml.js
whxdata\whidata0_xml.js
whdata\whtdata0.htm
whdata\whidata0.htm
whgdata\whlstt0.htm
whgdata\whlstt1.htm
whgdata\whlstt2.htm
whgdata\whlstt3.htm
whgdata\whlstt4.htm
whgdata\whlstt5.htm
whgdata\whlstt6.htm
whgdata\whlstt7.htm
whgdata\whlstt8.htm
whgdata\whlstt9.htm
whgdata\whlstt10.htm
whgdata\whlstt11.htm
whgdata\whlstt12.htm
whgdata\whlstt13.htm
whgdata\whlstt14.htm
whgdata\whlstt15.htm
whgdata\whlstt16.htm
whgdata\whlstt17.htm
whgdata\whlstt18.htm
whgdata\whlstt19.htm
whgdata\whlstt20.htm
whgdata\whlstt21.htm
whgdata\whlstt22.htm
whgdata\whlstt23.htm
whgdata\whlstt24.htm
whgdata\whlstt25.htm
whgdata\whlstt26.htm
whgdata\whlstt27.htm
whgdata\whlstt28.htm
whgdata\whlstt29.htm
whgdata\whlstt30.htm
whgdata\whlstt31.htm
whgdata\whlstt32.htm
whgdata\whlstt33.htm
whgdata\whlstt34.htm
whgdata\whlstt35.htm
whgdata\whlstt36.htm
whgdata\whlstt37.htm
whgdata\whlstt38.htm
whgdata\whlstt39.htm
whgdata\whlstt40.htm
whgdata\whlstt41.htm
whgdata\whlstt42.htm
whgdata\whlstt43.htm
whgdata\whlstt44.htm
whgdata\whlstt45.htm
whgdata\whlstt46.htm
whgdata\whlstt47.htm
whgdata\whlstt48.htm
whgdata\whlstt49.htm
whgdata\whlstt50.htm
whgdata\whlstt51.htm
whgdata\whlstt52.htm
whgdata\whlstt53.htm
whgdata\whlstt54.htm
whgdata\whlstt55.htm
whgdata\whlstt56.htm
whgdata\whlstt57.htm
whgdata\whlstt58.htm
whgdata\whlsti0.htm
whgdata\whlsti1.htm
whgdata\whlsti2.htm
whgdata\whlsti3.htm
whgdata\whlstfl0.htm
whgdata\whlstfl1.htm
whgdata\whlstfl2.htm
whgdata\whlstfl3.htm
whgdata\whlstfl4.htm
whgdata\whlstfl5.htm
whgdata\whlstfl6.htm
whgdata\whlstfl7.htm
whgdata\whlstfl8.htm
whgdata\whlstfl9.htm
whgdata\whlstfl10.htm
whgdata\whlstfl11.htm
whgdata\whlstfl12.htm
whgdata\whlstfl13.htm
whgdata\whlstfl14.htm
whgdata\whlstfl15.htm
whgdata\whlstfl16.htm
whgdata\whlstfl17.htm
whgdata\whlstfl18.htm
whgdata\whlstfl19.htm
whgdata\whlstfl20.htm
whgdata\whlstfl21.htm
whgdata\whlstfl22.htm
whgdata\whlstfl23.htm
whgdata\whlstfl24.htm
whgdata\whlstfl25.htm
whgdata\whlstf0.htm
whgdata\whlstf1.htm
whgdata\whlstf2.htm
whgdata\whlstf3.htm
whgdata\whlstf4.htm
whgdata\whlstf5.htm
whgdata\whlstf6.htm
whgdata\whlstf7.htm
whgdata\whlstf8.htm
whgdata\whlstf9.htm
whgdata\whlstf10.htm
whgdata\whlstf11.htm
whgdata\whlstf12.htm
whgdata\whlstf13.htm
whgdata\whlstf14.htm
whgdata\whlstf15.htm
whgdata\whlstf16.htm
whgdata\whlstf17.htm
whgdata\whlstf18.htm
whgdata\whlstf19.htm
whgdata\whlstf20.htm
whgdata\whlstf21.htm
whgdata\whlstf22.htm
whgdata\whlstf23.htm
whgdata\whlstf24.htm
whgdata\whlstf25.htm
whgdata\whlstf26.htm
whgdata\whlstf27.htm
whgdata\whlstf28.htm
whgdata\whlstf29.htm
whgdata\whlstf30.htm
whgdata\whlstf31.htm
whgdata\whlstf32.htm
whgdata\whlstf33.htm
whgdata\whlstf34.htm
whgdata\whlstf35.htm
whgdata\whlstf36.htm
whgdata\whlstf37.htm
whgdata\whlstf38.htm
whgdata\whlstf39.htm
whgdata\whlstf40.htm
whgdata\whlstf41.htm
whgdata\whlstf42.htm
whgdata\whlstf43.htm
whgdata\whlstf44.htm
whgdata\whlstf45.htm
whgdata\whlstf46.htm
whgdata\whlstf47.htm
whgdata\whlstf48.htm
whgdata\whlstf49.htm
whgdata\whlstf50.htm
whgdata\whlstf51.htm
whgdata\whlstf52.htm
whgdata\whlstf53.htm
whgdata\whlstf54.htm
whgdata\whlstf55.htm
whgdata\whlstf56.htm
whgdata\whlstf57.htm
whgdata\whlstf58.htm
whgdata\whlstf59.htm
whgdata\whlstf60.htm
whgdata\whlstf61.htm
whgdata\whlstf62.htm
whgdata\whlstf63.htm
whgdata\whlstf64.htm
whgdata\whlstf65.htm
whgdata\whlstf66.htm
whgdata\whlstf67.htm
whgdata\whlstf68.htm
whgdata\whlstf69.htm
whgdata\whlstf70.htm
whgdata\whlstf71.htm
whgdata\whlstf72.htm
whgdata\whlstf73.htm
whgdata\whlstf74.htm
whgdata\whlstf75.htm
whgdata\whlstf76.htm
whgdata\whlstf77.htm
whgdata\whlstf78.htm
whgdata\whlstf79.htm
whgdata\whlstf80.htm
whgdata\whlstf81.htm
whgdata\whlstf82.htm
whgdata\whlstf83.htm
whgdata\whlstf84.htm
whgdata\whlstf85.htm
whgdata\whlstf86.htm
whgdata\whlstf87.htm
whgdata\whlstf88.htm
whgdata\whlstf89.htm
whgdata\whlstf90.htm
whgdata\whlstg0.htm
index.htm
index_csh.htm
index_rhc.htm
